#-----------------------------------------------------------
# Vivado v2021.1 (64-bit)
# SW Build 3247384 on Thu Jun 10 19:36:33 MDT 2021
# IP Build 3246043 on Fri Jun 11 00:30:35 MDT 2021
# Start of session at: Fri Jan  7 16:21:29 2022
# Process ID: 12888
# Current directory: C:/Users/Lana/Desktop/ANUL III/STRUCTURA SISTEMELOR DE CALCUL/SSC/Proiect_CircuitInmultirePipeline/Proiect_CircuitInmultirePipeline.runs/impl_1
# Command line: vivado.exe -log multiplier_ssd.vdi -applog -product Vivado -messageDb vivado.pb -mode batch -source multiplier_ssd.tcl -notrace
# Log file: C:/Users/Lana/Desktop/ANUL III/STRUCTURA SISTEMELOR DE CALCUL/SSC/Proiect_CircuitInmultirePipeline/Proiect_CircuitInmultirePipeline.runs/impl_1/multiplier_ssd.vdi
# Journal file: C:/Users/Lana/Desktop/ANUL III/STRUCTURA SISTEMELOR DE CALCUL/SSC/Proiect_CircuitInmultirePipeline/Proiect_CircuitInmultirePipeline.runs/impl_1\vivado.jou
#-----------------------------------------------------------
source multiplier_ssd.tcl -notrace
